../Core/Src/Graphics/sed1335-driver.c:11:6:GLCD_Initialize	8	static
../Core/Src/Graphics/sed1335-driver.c:58:6:GLCD_SetPixel	32	static
../Core/Src/Graphics/sed1335-driver.c:78:6:GLCD_WriteText	16	static
../Core/Src/Graphics/sed1335-driver.c:86:6:GLCD_WriteTextP	16	static
../Core/Src/Graphics/sed1335-driver.c:94:6:GLCD_SetCursorAddress	16	static
../Core/Src/Graphics/sed1335-driver.c:101:6:GLCD_TextGoTo	16	static
../Core/Src/Graphics/sed1335-driver.c:106:6:GLCD_GraphicGoTo	16	static
../Core/Src/Graphics/sed1335-driver.c:111:6:GLCD_ClearText	16	static
../Core/Src/Graphics/sed1335-driver.c:120:6:GLCD_ClearGraphic	16	static
../Core/Src/Graphics/sed1335-driver.c:129:6:GLCD_Bitmap	32	static
../Core/Src/Graphics/sed1335-driver.c:143:6:GLCD_WriteBitmapText	32	static
