LCD.c:38:6:Delay	24	static
LCD.c:55:6:MicrosecondDelay	24	static
LCD.c:71:6:MoveCursor	24	static
LCD.c:97:6:ClearScreen	16	static
LCD.c:117:6:SaveCharacterToRAM	24	static
LCD.c:133:6:CharacterBitMaps	272	static
LCD.c:169:6:OutputString	24	static
LCD.c:264:6:OutputPaddedInteger	32	static
LCD.c:313:6:SetBar	24	static
LCD.c:336:6:DisplayScreen	16	static
LCD.c:396:6:UpdateScreenParameter	16	static
LCD.c:410:6:WriteByteToDataBus	16	static
LCD.c:421:6:TransmitCommand	16	static
LCD.c:436:6:TransmitCommandParameter	16	static
LCD.c:449:6:InitialiseLCDPins	4	static
LCD.c:474:6:ScreenSetup	8	static
